main: Query.hs:(165,1)-(169,37): Non-exhaustive patterns in function eval

